[32m[Nest] 1  - [39m03/16/2026, 8:48:57 PM [32m    LOG[39m [38;5;3m[NestFactory] [39m[32mStarting Nest application...[39m
[32m[Nest] 1  - [39m03/16/2026, 8:48:57 PM [32m    LOG[39m [38;5;3m[InstanceLoader] [39m[32mDatabaseModule dependencies initialized[39m[38;5;3m +73ms[39m
[32m[Nest] 1  - [39m03/16/2026, 8:48:57 PM [32m    LOG[39m [38;5;3m[InstanceLoader] [39m[32mTypeOrmModule dependencies initialized[39m[38;5;3m +0ms[39m
[32m[Nest] 1  - [39m03/16/2026, 8:48:57 PM [32m    LOG[39m [38;5;3m[InstanceLoader] [39m[32mPassportModule dependencies initialized[39m[38;5;3m +0ms[39m
[32m[Nest] 1  - [39m03/16/2026, 8:48:57 PM [32m    LOG[39m [38;5;3m[InstanceLoader] [39m[32mEventsModule dependencies initialized[39m[38;5;3m +0ms[39m
[32m[Nest] 1  - [39m03/16/2026, 8:48:57 PM [32m    LOG[39m [38;5;3m[InstanceLoader] [39m[32mConfigHostModule dependencies initialized[39m[38;5;3m +1ms[39m
[32m[Nest] 1  - [39m03/16/2026, 8:48:57 PM [32m    LOG[39m [38;5;3m[InstanceLoader] [39m[32mDiscoveryModule dependencies initialized[39m[38;5;3m +1ms[39m
[32m[Nest] 1  - [39m03/16/2026, 8:48:57 PM [32m    LOG[39m [38;5;3m[InstanceLoader] [39m[32mAppModule dependencies initialized[39m[38;5;3m +9ms[39m
[32m[Nest] 1  - [39m03/16/2026, 8:48:57 PM [32m    LOG[39m [38;5;3m[InstanceLoader] [39m[32mConfigModule dependencies initialized[39m[38;5;3m +0ms[39m
[32m[Nest] 1  - [39m03/16/2026, 8:48:57 PM [32m    LOG[39m [38;5;3m[InstanceLoader] [39m[32mConfigModule dependencies initialized[39m[38;5;3m +1ms[39m
[32m[Nest] 1  - [39m03/16/2026, 8:48:57 PM [32m    LOG[39m [38;5;3m[InstanceLoader] [39m[32mOtpModule dependencies initialized[39m[38;5;3m +100ms[39m
[32m[Nest] 1  - [39m03/16/2026, 8:48:57 PM [32m    LOG[39m [38;5;3m[InstanceLoader] [39m[32mBullModule dependencies initialized[39m[38;5;3m +1ms[39m
[32m[Nest] 1  - [39m03/16/2026, 8:48:57 PM [32m    LOG[39m [38;5;3m[InstanceLoader] [39m[32mBullModule dependencies initialized[39m[38;5;3m +0ms[39m
[32m[Nest] 1  - [39m03/16/2026, 8:48:57 PM [32m    LOG[39m [38;5;3m[InstanceLoader] [39m[32mJwtModule dependencies initialized[39m[38;5;3m +1ms[39m
[32m[Nest] 1  - [39m03/16/2026, 8:48:57 PM [32m    LOG[39m [38;5;3m[InstanceLoader] [39m[32mMediaModule dependencies initialized[39m[38;5;3m +6ms[39m
[32m[Nest] 1  - [39m03/16/2026, 8:48:57 PM [32m    LOG[39m [38;5;3m[InstanceLoader] [39m[32mBullModule dependencies initialized[39m[38;5;3m +0ms[39m
query: SELECT version()
query: SELECT * FROM current_schema()
query: CREATE EXTENSION IF NOT EXISTS "uuid-ossp"
query: CREATE EXTENSION IF NOT EXISTS "ltree"
[32m[Nest] 1  - [39m03/16/2026, 8:48:58 PM [32m    LOG[39m [38;5;3m[InstanceLoader] [39m[32mTypeOrmCoreModule dependencies initialized[39m[38;5;3m +263ms[39m
[32m[Nest] 1  - [39m03/16/2026, 8:48:58 PM [32m    LOG[39m [38;5;3m[InstanceLoader] [39m[32mTypeOrmModule dependencies initialized[39m[38;5;3m +0ms[39m
[32m[Nest] 1  - [39m03/16/2026, 8:48:58 PM [32m    LOG[39m [38;5;3m[InstanceLoader] [39m[32mTypeOrmModule dependencies initialized[39m[38;5;3m +0ms[39m
[32m[Nest] 1  - [39m03/16/2026, 8:48:58 PM [32m    LOG[39m [38;5;3m[InstanceLoader] [39m[32mTypeOrmModule dependencies initialized[39m[38;5;3m +0ms[39m
[32m[Nest] 1  - [39m03/16/2026, 8:48:58 PM [32m    LOG[39m [38;5;3m[InstanceLoader] [39m[32mTypeOrmModule dependencies initialized[39m[38;5;3m +0ms[39m
[32m[Nest] 1  - [39m03/16/2026, 8:48:58 PM [32m    LOG[39m [38;5;3m[InstanceLoader] [39m[32mTypeOrmModule dependencies initialized[39m[38;5;3m +0ms[39m
[32m[Nest] 1  - [39m03/16/2026, 8:48:58 PM [32m    LOG[39m [38;5;3m[InstanceLoader] [39m[32mTypeOrmModule dependencies initialized[39m[38;5;3m +1ms[39m
[32m[Nest] 1  - [39m03/16/2026, 8:48:58 PM [32m    LOG[39m [38;5;3m[InstanceLoader] [39m[32mTypeOrmModule dependencies initialized[39m[38;5;3m +0ms[39m
[32m[Nest] 1  - [39m03/16/2026, 8:48:58 PM [32m    LOG[39m [38;5;3m[InstanceLoader] [39m[32mTypeOrmModule dependencies initialized[39m[38;5;3m +0ms[39m
[32m[Nest] 1  - [39m03/16/2026, 8:48:58 PM [32m    LOG[39m [38;5;3m[InstanceLoader] [39m[32mTypeOrmModule dependencies initialized[39m[38;5;3m +0ms[39m
[32m[Nest] 1  - [39m03/16/2026, 8:48:58 PM [32m    LOG[39m [38;5;3m[InstanceLoader] [39m[32mSearchModule dependencies initialized[39m[38;5;3m +2ms[39m
[32m[Nest] 1  - [39m03/16/2026, 8:48:58 PM [32m    LOG[39m [38;5;3m[InstanceLoader] [39m[32mIndiaFeaturesModule dependencies initialized[39m[38;5;3m +0ms[39m
[32m[Nest] 1  - [39m03/16/2026, 8:48:58 PM [32m    LOG[39m [38;5;3m[InstanceLoader] [39m[32mUsersModule dependencies initialized[39m[38;5;3m +4ms[39m
[32m[Nest] 1  - [39m03/16/2026, 8:48:58 PM [32m    LOG[39m [38;5;3m[InstanceLoader] [39m[32mCommunitiesModule dependencies initialized[39m[38;5;3m +1ms[39m
[32m[Nest] 1  - [39m03/16/2026, 8:48:58 PM [32m    LOG[39m [38;5;3m[InstanceLoader] [39m[32mPostsModule dependencies initialized[39m[38;5;3m +0ms[39m
[32m[Nest] 1  - [39m03/16/2026, 8:48:58 PM [32m    LOG[39m [38;5;3m[InstanceLoader] [39m[32mCommentsModule dependencies initialized[39m[38;5;3m +0ms[39m
[32m[Nest] 1  - [39m03/16/2026, 8:48:58 PM [32m    LOG[39m [38;5;3m[InstanceLoader] [39m[32mNotificationsModule dependencies initialized[39m[38;5;3m +0ms[39m
[32m[Nest] 1  - [39m03/16/2026, 8:48:58 PM [32m    LOG[39m [38;5;3m[InstanceLoader] [39m[32mMessagesModule dependencies initialized[39m[38;5;3m +1ms[39m
[32m[Nest] 1  - [39m03/16/2026, 8:48:58 PM [32m    LOG[39m [38;5;3m[InstanceLoader] [39m[32mModerationModule dependencies initialized[39m[38;5;3m +0ms[39m
[32m[Nest] 1  - [39m03/16/2026, 8:48:58 PM [32m    LOG[39m [38;5;3m[InstanceLoader] [39m[32mVotesModule dependencies initialized[39m[38;5;3m +0ms[39m
[31m[Nest] 1  - [39m03/16/2026, 8:48:58 PM [31m  ERROR[39m [38;5;3m[ExceptionHandler] [39mUnknownDependenciesException [Error]: Nest can't resolve dependencies of the AuthController (AuthService, ?). Please make sure that the argument OtpService at index [1] is available in the AuthModule module.

Potential solutions:
- Is AuthModule a valid NestJS module?
- If OtpService is a provider, is it part of the current AuthModule?
- If OtpService is exported from a separate @Module, is that module imported within AuthModule?
  @Module({
    imports: [ /* the Module containing OtpService */ ]
  })

For more common dependency resolution issues, see: https://docs.nestjs.com/faq/common-errors
    at Injector.lookupComponentInParentModules [90m(/app/[39mnode_modules/[4m@nestjs/core[24m/injector/injector.js:290:19[90m)[39m
[90m    at process.processTicksAndRejections (node:internal/process/task_queues:95:5)[39m
    at async resolveParam [90m(/app/[39mnode_modules/[4m@nestjs/core[24m/injector/injector.js:140:38[90m)[39m
    at async Promise.all (index 1)
    at async Injector.resolveConstructorParams [90m(/app/[39mnode_modules/[4m@nestjs/core[24m/injector/injector.js:169:27[90m)[39m
    at async Injector.loadInstance [90m(/app/[39mnode_modules/[4m@nestjs/core[24m/injector/injector.js:75:13[90m)[39m
    at async Injector.loadController [90m(/app/[39mnode_modules/[4m@nestjs/core[24m/injector/injector.js:94:9[90m)[39m
    at async [90m/app/[39mnode_modules/[4m@nestjs/core[24m/injector/instance-loader.js:68:13
    at async Promise.all (index 0)
    at async InstanceLoader.createInstancesOfControllers [90m(/app/[39mnode_modules/[4m@nestjs/core[24m/injector/instance-loader.js:67:9[90m)[39m {
  type: [32m'AuthController'[39m,
  context: {
    index: [33m1[39m,
    dependencies: [
      [36m[class AuthService][39m,
      [36m[class OtpService][39m
    ],
    name: [36m[class OtpService][39m
  },
  metadata: {
    id: [32m'cd82eb5ee6af829d8bcb7'[39m
  },
  moduleRef: {
    id: [32m'1c62a5f8e1287a8be51bf'[39m
  }
}
[32m[Nest] 1  - [39m03/16/2026, 8:49:00 PM [32m    LOG[39m [38;5;3m[NestFactory] [39m[32mStarting Nest application...[39m
[32m[Nest] 1  - [39m03/16/2026, 8:49:00 PM [32m    LOG[39m [38;5;3m[InstanceLoader] [39m[32mDatabaseModule dependencies initialized[39m[38;5;3m +49ms[39m
[32m[Nest] 1  - [39m03/16/2026, 8:49:00 PM [32m    LOG[39m [38;5;3m[InstanceLoader] [39m[32mTypeOrmModule dependencies initialized[39m[38;5;3m +0ms[39m
[32m[Nest] 1  - [39m03/16/2026, 8:49:00 PM [32m    LOG[39m [38;5;3m[InstanceLoader] [39m[32mPassportModule dependencies initialized[39m[38;5;3m +0ms[39m
[32m[Nest] 1  - [39m03/16/2026, 8:49:00 PM [32m    LOG[39m [38;5;3m[InstanceLoader] [39m[32mEventsModule dependencies initialized[39m[38;5;3m +0ms[39m
[32m[Nest] 1  - [39m03/16/2026, 8:49:00 PM [32m    LOG[39m [38;5;3m[InstanceLoader] [39m[32mConfigHostModule dependencies initialized[39m[38;5;3m +2ms[39m
[32m[Nest] 1  - [39m03/16/2026, 8:49:00 PM [32m    LOG[39m [38;5;3m[InstanceLoader] [39m[32mDiscoveryModule dependencies initialized[39m[38;5;3m +0ms[39m
[32m[Nest] 1  - [39m03/16/2026, 8:49:00 PM [32m    LOG[39m [38;5;3m[InstanceLoader] [39m[32mAppModule dependencies initialized[39m[38;5;3m +7ms[39m
[32m[Nest] 1  - [39m03/16/2026, 8:49:00 PM [32m    LOG[39m [38;5;3m[InstanceLoader] [39m[32mConfigModule dependencies initialized[39m[38;5;3m +0ms[39m
[32m[Nest] 1  - [39m03/16/2026, 8:49:00 PM [32m    LOG[39m [38;5;3m[InstanceLoader] [39m[32mConfigModule dependencies initialized[39m[38;5;3m +0ms[39m
[32m[Nest] 1  - [39m03/16/2026, 8:49:00 PM [32m    LOG[39m [38;5;3m[InstanceLoader] [39m[32mOtpModule dependencies initialized[39m[38;5;3m +84ms[39m
[32m[Nest] 1  - [39m03/16/2026, 8:49:00 PM [32m    LOG[39m [38;5;3m[InstanceLoader] [39m[32mBullModule dependencies initialized[39m[38;5;3m +0ms[39m
[32m[Nest] 1  - [39m03/16/2026, 8:49:00 PM [32m    LOG[39m [38;5;3m[InstanceLoader] [39m[32mBullModule dependencies initialized[39m[38;5;3m +0ms[39m
[32m[Nest] 1  - [39m03/16/2026, 8:49:00 PM [32m    LOG[39m [38;5;3m[InstanceLoader] [39m[32mJwtModule dependencies initialized[39m[38;5;3m +1ms[39m
[32m[Nest] 1  - [39m03/16/2026, 8:49:00 PM [32m    LOG[39m [38;5;3m[InstanceLoader] [39m[32mMediaModule dependencies initialized[39m[38;5;3m +5ms[39m
[32m[Nest] 1  - [39m03/16/2026, 8:49:00 PM [32m    LOG[39m [38;5;3m[InstanceLoader] [39m[32mBullModule dependencies initialized[39m[38;5;3m +1ms[39m
query: SELECT version()
query: SELECT * FROM current_schema()
query: CREATE EXTENSION IF NOT EXISTS "uuid-ossp"
query: CREATE EXTENSION IF NOT EXISTS "ltree"
[32m[Nest] 1  - [39m03/16/2026, 8:49:00 PM [32m    LOG[39m [38;5;3m[InstanceLoader] [39m[32mTypeOrmCoreModule dependencies initialized[39m[38;5;3m +99ms[39m
[32m[Nest] 1  - [39m03/16/2026, 8:49:00 PM [32m    LOG[39m [38;5;3m[InstanceLoader] [39m[32mTypeOrmModule dependencies initialized[39m[38;5;3m +0ms[39m
[32m[Nest] 1  - [39m03/16/2026, 8:49:00 PM [32m    LOG[39m [38;5;3m[InstanceLoader] [39m[32mTypeOrmModule dependencies initialized[39m[38;5;3m +0ms[39m
[32m[Nest] 1  - [39m03/16/2026, 8:49:00 PM [32m    LOG[39m [38;5;3m[InstanceLoader] [39m[32mTypeOrmModule dependencies initialized[39m[38;5;3m +0ms[39m
[32m[Nest] 1  - [39m03/16/2026, 8:49:00 PM [32m    LOG[39m [38;5;3m[InstanceLoader] [39m[32mTypeOrmModule dependencies initialized[39m[38;5;3m +0ms[39m
[32m[Nest] 1  - [39m03/16/2026, 8:49:00 PM [32m    LOG[39m [38;5;3m[InstanceLoader] [39m[32mTypeOrmModule dependencies initialized[39m[38;5;3m +0ms[39m
[32m[Nest] 1  - [39m03/16/2026, 8:49:00 PM [32m    LOG[39m [38;5;3m[InstanceLoader] [39m[32mTypeOrmModule dependencies initialized[39m[38;5;3m +0ms[39m
[32m[Nest] 1  - [39m03/16/2026, 8:49:00 PM [32m    LOG[39m [38;5;3m[InstanceLoader] [39m[32mTypeOrmModule dependencies initialized[39m[38;5;3m +0ms[39m
[32m[Nest] 1  - [39m03/16/2026, 8:49:00 PM [32m    LOG[39m [38;5;3m[InstanceLoader] [39m[32mTypeOrmModule dependencies initialized[39m[38;5;3m +0ms[39m
[32m[Nest] 1  - [39m03/16/2026, 8:49:00 PM [32m    LOG[39m [38;5;3m[InstanceLoader] [39m[32mTypeOrmModule dependencies initialized[39m[38;5;3m +0ms[39m
[32m[Nest] 1  - [39m03/16/2026, 8:49:00 PM [32m    LOG[39m [38;5;3m[InstanceLoader] [39m[32mSearchModule dependencies initialized[39m[38;5;3m +1ms[39m
[32m[Nest] 1  - [39m03/16/2026, 8:49:00 PM [32m    LOG[39m [38;5;3m[InstanceLoader] [39m[32mIndiaFeaturesModule dependencies initialized[39m[38;5;3m +0ms[39m
[32m[Nest] 1  - [39m03/16/2026, 8:49:00 PM [32m    LOG[39m [38;5;3m[InstanceLoader] [39m[32mUsersModule dependencies initialized[39m[38;5;3m +2ms[39m
[32m[Nest] 1  - [39m03/16/2026, 8:49:00 PM [32m    LOG[39m [38;5;3m[InstanceLoader] [39m[32mCommunitiesModule dependencies initialized[39m[38;5;3m +1ms[39m
[32m[Nest] 1  - [39m03/16/2026, 8:49:00 PM [32m    LOG[39m [38;5;3m[InstanceLoader] [39m[32mPostsModule dependencies initialized[39m[38;5;3m +0ms[39m
[32m[Nest] 1  - [39m03/16/2026, 8:49:00 PM [32m    LOG[39m [38;5;3m[InstanceLoader] [39m[32mCommentsModule dependencies initialized[39m[38;5;3m +0ms[39m
[32m[Nest] 1  - [39m03/16/2026, 8:49:00 PM [32m    LOG[39m [38;5;3m[InstanceLoader] [39m[32mNotificationsModule dependencies initialized[39m[38;5;3m +0ms[39m
[32m[Nest] 1  - [39m03/16/2026, 8:49:00 PM [32m    LOG[39m [38;5;3m[InstanceLoader] [39m[32mMessagesModule dependencies initialized[39m[38;5;3m +0ms[39m
[32m[Nest] 1  - [39m03/16/2026, 8:49:00 PM [32m    LOG[39m [38;5;3m[InstanceLoader] [39m[32mModerationModule dependencies initialized[39m[38;5;3m +0ms[39m
[32m[Nest] 1  - [39m03/16/2026, 8:49:00 PM [32m    LOG[39m [38;5;3m[InstanceLoader] [39m[32mVotesModule dependencies initialized[39m[38;5;3m +0ms[39m
[31m[Nest] 1  - [39m03/16/2026, 8:49:00 PM [31m  ERROR[39m [38;5;3m[ExceptionHandler] [39mUnknownDependenciesException [Error]: Nest can't resolve dependencies of the AuthController (AuthService, ?). Please make sure that the argument OtpService at index [1] is available in the AuthModule module.

Potential solutions:
- Is AuthModule a valid NestJS module?
- If OtpService is a provider, is it part of the current AuthModule?
- If OtpService is exported from a separate @Module, is that module imported within AuthModule?
  @Module({
    imports: [ /* the Module containing OtpService */ ]
  })

For more common dependency resolution issues, see: https://docs.nestjs.com/faq/common-errors
    at Injector.lookupComponentInParentModules [90m(/app/[39mnode_modules/[4m@nestjs/core[24m/injector/injector.js:290:19[90m)[39m
[90m    at process.processTicksAndRejections (node:internal/process/task_queues:95:5)[39m
    at async resolveParam [90m(/app/[39mnode_modules/[4m@nestjs/core[24m/injector/injector.js:140:38[90m)[39m
    at async Promise.all (index 1)
    at async Injector.resolveConstructorParams [90m(/app/[39mnode_modules/[4m@nestjs/core[24m/injector/injector.js:169:27[90m)[39m
    at async Injector.loadInstance [90m(/app/[39mnode_modules/[4m@nestjs/core[24m/injector/injector.js:75:13[90m)[39m
    at async Injector.loadController [90m(/app/[39mnode_modules/[4m@nestjs/core[24m/injector/injector.js:94:9[90m)[39m
    at async [90m/app/[39mnode_modules/[4m@nestjs/core[24m/injector/instance-loader.js:68:13
    at async Promise.all (index 0)
    at async InstanceLoader.createInstancesOfControllers [90m(/app/[39mnode_modules/[4m@nestjs/core[24m/injector/instance-loader.js:67:9[90m)[39m {
  type: [32m'AuthController'[39m,
  context: {
    index: [33m1[39m,
    dependencies: [
      [36m[class AuthService][39m,
      [36m[class OtpService][39m
    ],
    name: [36m[class OtpService][39m
  },
  metadata: {
    id: [32m'20792d7f6d60b121c06c2'[39m
  },
  moduleRef: {
    id: [32m'5e78d8260fc3efe4cc8fa'[39m
  }
}
[32m[Nest] 1  - [39m03/16/2026, 8:49:03 PM [32m    LOG[39m [38;5;3m[NestFactory] [39m[32mStarting Nest application...[39m
[32m[Nest] 1  - [39m03/16/2026, 8:49:03 PM [32m    LOG[39m [38;5;3m[InstanceLoader] [39m[32mDatabaseModule dependencies initialized[39m[38;5;3m +64ms[39m
[32m[Nest] 1  - [39m03/16/2026, 8:49:03 PM [32m    LOG[39m [38;5;3m[InstanceLoader] [39m[32mTypeOrmModule dependencies initialized[39m[38;5;3m +0ms[39m
[32m[Nest] 1  - [39m03/16/2026, 8:49:03 PM [32m    LOG[39m [38;5;3m[InstanceLoader] [39m[32mPassportModule dependencies initialized[39m[38;5;3m +0ms[39m
[32m[Nest] 1  - [39m03/16/2026, 8:49:03 PM [32m    LOG[39m [38;5;3m[InstanceLoader] [39m[32mEventsModule dependencies initialized[39m[38;5;3m +0ms[39m
[32m[Nest] 1  - [39m03/16/2026, 8:49:03 PM [32m    LOG[39m [38;5;3m[InstanceLoader] [39m[32mConfigHostModule dependencies initialized[39m[38;5;3m +2ms[39m
[32m[Nest] 1  - [39m03/16/2026, 8:49:03 PM [32m    LOG[39m [38;5;3m[InstanceLoader] [39m[32mDiscoveryModule dependencies initialized[39m[38;5;3m +0ms[39m
[32m[Nest] 1  - [39m03/16/2026, 8:49:03 PM [32m    LOG[39m [38;5;3m[InstanceLoader] [39m[32mAppModule dependencies initialized[39m[38;5;3m +11ms[39m
[32m[Nest] 1  - [39m03/16/2026, 8:49:03 PM [32m    LOG[39m [38;5;3m[InstanceLoader] [39m[32mConfigModule dependencies initialized[39m[38;5;3m +0ms[39m
[32m[Nest] 1  - [39m03/16/2026, 8:49:03 PM [32m    LOG[39m [38;5;3m[InstanceLoader] [39m[32mConfigModule dependencies initialized[39m[38;5;3m +1ms[39m
[32m[Nest] 1  - [39m03/16/2026, 8:49:03 PM [32m    LOG[39m [38;5;3m[InstanceLoader] [39m[32mOtpModule dependencies initialized[39m[38;5;3m +108ms[39m
[32m[Nest] 1  - [39m03/16/2026, 8:49:03 PM [32m    LOG[39m [38;5;3m[InstanceLoader] [39m[32mBullModule dependencies initialized[39m[38;5;3m +1ms[39m
[32m[Nest] 1  - [39m03/16/2026, 8:49:03 PM [32m    LOG[39m [38;5;3m[InstanceLoader] [39m[32mBullModule dependencies initialized[39m[38;5;3m +0ms[39m
[32m[Nest] 1  - [39m03/16/2026, 8:49:03 PM [32m    LOG[39m [38;5;3m[InstanceLoader] [39m[32mJwtModule dependencies initialized[39m[38;5;3m +1ms[39m
[32m[Nest] 1  - [39m03/16/2026, 8:49:03 PM [32m    LOG[39m [38;5;3m[InstanceLoader] [39m[32mMediaModule dependencies initialized[39m[38;5;3m +7ms[39m
[32m[Nest] 1  - [39m03/16/2026, 8:49:03 PM [32m    LOG[39m [38;5;3m[InstanceLoader] [39m[32mBullModule dependencies initialized[39m[38;5;3m +0ms[39m
query: SELECT version()
query: SELECT * FROM current_schema()
query: CREATE EXTENSION IF NOT EXISTS "uuid-ossp"
query: CREATE EXTENSION IF NOT EXISTS "ltree"
[32m[Nest] 1  - [39m03/16/2026, 8:49:03 PM [32m    LOG[39m [38;5;3m[InstanceLoader] [39m[32mTypeOrmCoreModule dependencies initialized[39m[38;5;3m +142ms[39m
[32m[Nest] 1  - [39m03/16/2026, 8:49:03 PM [32m    LOG[39m [38;5;3m[InstanceLoader] [39m[32mTypeOrmModule dependencies initialized[39m[38;5;3m +0ms[39m
[32m[Nest] 1  - [39m03/16/2026, 8:49:03 PM [32m    LOG[39m [38;5;3m[InstanceLoader] [39m[32mTypeOrmModule dependencies initialized[39m[38;5;3m +0ms[39m
[32m[Nest] 1  - [39m03/16/2026, 8:49:03 PM [32m    LOG[39m [38;5;3m[InstanceLoader] [39m[32mTypeOrmModule dependencies initialized[39m[38;5;3m +1ms[39m
[32m[Nest] 1  - [39m03/16/2026, 8:49:03 PM [32m    LOG[39m [38;5;3m[InstanceLoader] [39m[32mTypeOrmModule dependencies initialized[39m[38;5;3m +0ms[39m
[32m[Nest] 1  - [39m03/16/2026, 8:49:03 PM [32m    LOG[39m [38;5;3m[InstanceLoader] [39m[32mTypeOrmModule dependencies initialized[39m[38;5;3m +0ms[39m
[32m[Nest] 1  - [39m03/16/2026, 8:49:03 PM [32m    LOG[39m [38;5;3m[InstanceLoader] [39m[32mTypeOrmModule dependencies initialized[39m[38;5;3m +0ms[39m
[32m[Nest] 1  - [39m03/16/2026, 8:49:03 PM [32m    LOG[39m [38;5;3m[InstanceLoader] [39m[32mTypeOrmModule dependencies initialized[39m[38;5;3m +0ms[39m
[32m[Nest] 1  - [39m03/16/2026, 8:49:03 PM [32m    LOG[39m [38;5;3m[InstanceLoader] [39m[32mTypeOrmModule dependencies initialized[39m[38;5;3m +0ms[39m
[32m[Nest] 1  - [39m03/16/2026, 8:49:03 PM [32m    LOG[39m [38;5;3m[InstanceLoader] [39m[32mTypeOrmModule dependencies initialized[39m[38;5;3m +0ms[39m
[32m[Nest] 1  - [39m03/16/2026, 8:49:03 PM [32m    LOG[39m [38;5;3m[InstanceLoader] [39m[32mSearchModule dependencies initialized[39m[38;5;3m +2ms[39m
[32m[Nest] 1  - [39m03/16/2026, 8:49:03 PM [32m    LOG[39m [38;5;3m[InstanceLoader] [39m[32mIndiaFeaturesModule dependencies initialized[39m[38;5;3m +0ms[39m
[32m[Nest] 1  - [39m03/16/2026, 8:49:03 PM [32m    LOG[39m [38;5;3m[InstanceLoader] [39m[32mUsersModule dependencies initialized[39m[38;5;3m +3ms[39m
[32m[Nest] 1  - [39m03/16/2026, 8:49:03 PM [32m    LOG[39m [38;5;3m[InstanceLoader] [39m[32mCommunitiesModule dependencies initialized[39m[38;5;3m +0ms[39m
[32m[Nest] 1  - [39m03/16/2026, 8:49:03 PM [32m    LOG[39m [38;5;3m[InstanceLoader] [39m[32mPostsModule dependencies initialized[39m[38;5;3m +0ms[39m
[32m[Nest] 1  - [39m03/16/2026, 8:49:03 PM [32m    LOG[39m [38;5;3m[InstanceLoader] [39m[32mCommentsModule dependencies initialized[39m[38;5;3m +0ms[39m
[32m[Nest] 1  - [39m03/16/2026, 8:49:03 PM [32m    LOG[39m [38;5;3m[InstanceLoader] [39m[32mNotificationsModule dependencies initialized[39m[38;5;3m +0ms[39m
[32m[Nest] 1  - [39m03/16/2026, 8:49:03 PM [32m    LOG[39m [38;5;3m[InstanceLoader] [39m[32mMessagesModule dependencies initialized[39m[38;5;3m +1ms[39m
[32m[Nest] 1  - [39m03/16/2026, 8:49:03 PM [32m    LOG[39m [38;5;3m[InstanceLoader] [39m[32mModerationModule dependencies initialized[39m[38;5;3m +0ms[39m
[32m[Nest] 1  - [39m03/16/2026, 8:49:03 PM [32m    LOG[39m [38;5;3m[InstanceLoader] [39m[32mVotesModule dependencies initialized[39m[38;5;3m +0ms[39m
[31m[Nest] 1  - [39m03/16/2026, 8:49:03 PM [31m  ERROR[39m [38;5;3m[ExceptionHandler] [39mUnknownDependenciesException [Error]: Nest can't resolve dependencies of the AuthController (AuthService, ?). Please make sure that the argument OtpService at index [1] is available in the AuthModule module.

Potential solutions:
- Is AuthModule a valid NestJS module?
- If OtpService is a provider, is it part of the current AuthModule?
- If OtpService is exported from a separate @Module, is that module imported within AuthModule?
  @Module({
    imports: [ /* the Module containing OtpService */ ]
  })

For more common dependency resolution issues, see: https://docs.nestjs.com/faq/common-errors
    at Injector.lookupComponentInParentModules [90m(/app/[39mnode_modules/[4m@nestjs/core[24m/injector/injector.js:290:19[90m)[39m
[90m    at process.processTicksAndRejections (node:internal/process/task_queues:95:5)[39m
    at async resolveParam [90m(/app/[39mnode_modules/[4m@nestjs/core[24m/injector/injector.js:140:38[90m)[39m
    at async Promise.all (index 1)
    at async Injector.resolveConstructorParams [90m(/app/[39mnode_modules/[4m@nestjs/core[24m/injector/injector.js:169:27[90m)[39m
    at async Injector.loadInstance [90m(/app/[39mnode_modules/[4m@nestjs/core[24m/injector/injector.js:75:13[90m)[39m
    at async Injector.loadController [90m(/app/[39mnode_modules/[4m@nestjs/core[24m/injector/injector.js:94:9[90m)[39m
    at async [90m/app/[39mnode_modules/[4m@nestjs/core[24m/injector/instance-loader.js:68:13
    at async Promise.all (index 0)
    at async InstanceLoader.createInstancesOfControllers [90m(/app/[39mnode_modules/[4m@nestjs/core[24m/injector/instance-loader.js:67:9[90m)[39m {
  type: [32m'AuthController'[39m,
  context: {
    index: [33m1[39m,
    dependencies: [
      [36m[class AuthService][39m,
      [36m[class OtpService][39m
    ],
    name: [36m[class OtpService][39m
  },
  metadata: {
    id: [32m'94209475638908e246478'[39m
  },
  moduleRef: {
    id: [32m'4546b17d1b5961b567011'[39m
  }
}
[32m[Nest] 1  - [39m03/16/2026, 8:49:05 PM [32m    LOG[39m [38;5;3m[NestFactory] [39m[32mStarting Nest application...[39m
[32m[Nest] 1  - [39m03/16/2026, 8:49:06 PM [32m    LOG[39m [38;5;3m[InstanceLoader] [39m[32mDatabaseModule dependencies initialized[39m[38;5;3m +58ms[39m
[32m[Nest] 1  - [39m03/16/2026, 8:49:06 PM [32m    LOG[39m [38;5;3m[InstanceLoader] [39m[32mTypeOrmModule dependencies initialized[39m[38;5;3m +0ms[39m
[32m[Nest] 1  - [39m03/16/2026, 8:49:06 PM [32m    LOG[39m [38;5;3m[InstanceLoader] [39m[32mPassportModule dependencies initialized[39m[38;5;3m +1ms[39m
[32m[Nest] 1  - [39m03/16/2026, 8:49:06 PM [32m    LOG[39m [38;5;3m[InstanceLoader] [39m[32mEventsModule dependencies initialized[39m[38;5;3m +0ms[39m
[32m[Nest] 1  - [39m03/16/2026, 8:49:06 PM [32m    LOG[39m [38;5;3m[InstanceLoader] [39m[32mConfigHostModule dependencies initialized[39m[38;5;3m +1ms[39m
[32m[Nest] 1  - [39m03/16/2026, 8:49:06 PM [32m    LOG[39m [38;5;3m[InstanceLoader] [39m[32mDiscoveryModule dependencies initialized[39m[38;5;3m +0ms[39m
[32m[Nest] 1  - [39m03/16/2026, 8:49:06 PM [32m    LOG[39m [38;5;3m[InstanceLoader] [39m[32mAppModule dependencies initialized[39m[38;5;3m +8ms[39m
[32m[Nest] 1  - [39m03/16/2026, 8:49:06 PM [32m    LOG[39m [38;5;3m[InstanceLoader] [39m[32mConfigModule dependencies initialized[39m[38;5;3m +0ms[39m
[32m[Nest] 1  - [39m03/16/2026, 8:49:06 PM [32m    LOG[39m [38;5;3m[InstanceLoader] [39m[32mConfigModule dependencies initialized[39m[38;5;3m +1ms[39m
[32m[Nest] 1  - [39m03/16/2026, 8:49:06 PM [32m    LOG[39m [38;5;3m[InstanceLoader] [39m[32mOtpModule dependencies initialized[39m[38;5;3m +95ms[39m
[32m[Nest] 1  - [39m03/16/2026, 8:49:06 PM [32m    LOG[39m [38;5;3m[InstanceLoader] [39m[32mBullModule dependencies initialized[39m[38;5;3m +0ms[39m
[32m[Nest] 1  - [39m03/16/2026, 8:49:06 PM [32m    LOG[39m [38;5;3m[InstanceLoader] [39m[32mBullModule dependencies initialized[39m[38;5;3m +0ms[39m
[32m[Nest] 1  - [39m03/16/2026, 8:49:06 PM [32m    LOG[39m [38;5;3m[InstanceLoader] [39m[32mJwtModule dependencies initialized[39m[38;5;3m +1ms[39m
[32m[Nest] 1  - [39m03/16/2026, 8:49:06 PM [32m    LOG[39m [38;5;3m[InstanceLoader] [39m[32mMediaModule dependencies initialized[39m[38;5;3m +6ms[39m
[32m[Nest] 1  - [39m03/16/2026, 8:49:06 PM [32m    LOG[39m [38;5;3m[InstanceLoader] [39m[32mBullModule dependencies initialized[39m[38;5;3m +0ms[39m
query: SELECT version()
query: SELECT * FROM current_schema()
query: CREATE EXTENSION IF NOT EXISTS "uuid-ossp"
query: CREATE EXTENSION IF NOT EXISTS "ltree"
[32m[Nest] 1  - [39m03/16/2026, 8:49:06 PM [32m    LOG[39m [38;5;3m[InstanceLoader] [39m[32mTypeOrmCoreModule dependencies initialized[39m[38;5;3m +144ms[39m
[32m[Nest] 1  - [39m03/16/2026, 8:49:06 PM [32m    LOG[39m [38;5;3m[InstanceLoader] [39m[32mTypeOrmModule dependencies initialized[39m[38;5;3m +0ms[39m
[32m[Nest] 1  - [39m03/16/2026, 8:49:06 PM [32m    LOG[39m [38;5;3m[InstanceLoader] [39m[32mTypeOrmModule dependencies initialized[39m[38;5;3m +0ms[39m
[32m[Nest] 1  - [39m03/16/2026, 8:49:06 PM [32m    LOG[39m [38;5;3m[InstanceLoader] [39m[32mTypeOrmModule dependencies initialized[39m[38;5;3m +0ms[39m
[32m[Nest] 1  - [39m03/16/2026, 8:49:06 PM [32m    LOG[39m [38;5;3m[InstanceLoader] [39m[32mTypeOrmModule dependencies initialized[39m[38;5;3m +0ms[39m
[32m[Nest] 1  - [39m03/16/2026, 8:49:06 PM [32m    LOG[39m [38;5;3m[InstanceLoader] [39m[32mTypeOrmModule dependencies initialized[39m[38;5;3m +0ms[39m
[32m[Nest] 1  - [39m03/16/2026, 8:49:06 PM [32m    LOG[39m [38;5;3m[InstanceLoader] [39m[32mTypeOrmModule dependencies initialized[39m[38;5;3m +0ms[39m
[32m[Nest] 1  - [39m03/16/2026, 8:49:06 PM [32m    LOG[39m [38;5;3m[InstanceLoader] [39m[32mTypeOrmModule dependencies initialized[39m[38;5;3m +0ms[39m
[32m[Nest] 1  - [39m03/16/2026, 8:49:06 PM [32m    LOG[39m [38;5;3m[InstanceLoader] [39m[32mTypeOrmModule dependencies initialized[39m[38;5;3m +0ms[39m
[32m[Nest] 1  - [39m03/16/2026, 8:49:06 PM [32m    LOG[39m [38;5;3m[InstanceLoader] [39m[32mTypeOrmModule dependencies initialized[39m[38;5;3m +0ms[39m
[32m[Nest] 1  - [39m03/16/2026, 8:49:06 PM [32m    LOG[39m [38;5;3m[InstanceLoader] [39m[32mSearchModule dependencies initialized[39m[38;5;3m +2ms[39m
[32m[Nest] 1  - [39m03/16/2026, 8:49:06 PM [32m    LOG[39m [38;5;3m[InstanceLoader] [39m[32mIndiaFeaturesModule dependencies initialized[39m[38;5;3m +0ms[39m
[32m[Nest] 1  - [39m03/16/2026, 8:49:06 PM [32m    LOG[39m [38;5;3m[InstanceLoader] [39m[32mUsersModule dependencies initialized[39m[38;5;3m +3ms[39m
[32m[Nest] 1  - [39m03/16/2026, 8:49:06 PM [32m    LOG[39m [38;5;3m[InstanceLoader] [39m[32mCommunitiesModule dependencies initialized[39m[38;5;3m +0ms[39m
[32m[Nest] 1  - [39m03/16/2026, 8:49:06 PM [32m    LOG[39m [38;5;3m[InstanceLoader] [39m[32mPostsModule dependencies initialized[39m[38;5;3m +0ms[39m
[32m[Nest] 1  - [39m03/16/2026, 8:49:06 PM [32m    LOG[39m [38;5;3m[InstanceLoader] [39m[32mCommentsModule dependencies initialized[39m[38;5;3m +1ms[39m
[32m[Nest] 1  - [39m03/16/2026, 8:49:06 PM [32m    LOG[39m [38;5;3m[InstanceLoader] [39m[32mNotificationsModule dependencies initialized[39m[38;5;3m +0ms[39m
[32m[Nest] 1  - [39m03/16/2026, 8:49:06 PM [32m    LOG[39m [38;5;3m[InstanceLoader] [39m[32mMessagesModule dependencies initialized[39m[38;5;3m +0ms[39m
[32m[Nest] 1  - [39m03/16/2026, 8:49:06 PM [32m    LOG[39m [38;5;3m[InstanceLoader] [39m[32mModerationModule dependencies initialized[39m[38;5;3m +0ms[39m
[32m[Nest] 1  - [39m03/16/2026, 8:49:06 PM [32m    LOG[39m [38;5;3m[InstanceLoader] [39m[32mVotesModule dependencies initialized[39m[38;5;3m +0ms[39m
[31m[Nest] 1  - [39m03/16/2026, 8:49:06 PM [31m  ERROR[39m [38;5;3m[ExceptionHandler] [39mUnknownDependenciesException [Error]: Nest can't resolve dependencies of the AuthController (AuthService, ?). Please make sure that the argument OtpService at index [1] is available in the AuthModule module.

Potential solutions:
- Is AuthModule a valid NestJS module?
- If OtpService is a provider, is it part of the current AuthModule?
- If OtpService is exported from a separate @Module, is that module imported within AuthModule?
  @Module({
    imports: [ /* the Module containing OtpService */ ]
  })

For more common dependency resolution issues, see: https://docs.nestjs.com/faq/common-errors
    at Injector.lookupComponentInParentModules [90m(/app/[39mnode_modules/[4m@nestjs/core[24m/injector/injector.js:290:19[90m)[39m
[90m    at process.processTicksAndRejections (node:internal/process/task_queues:95:5)[39m
    at async resolveParam [90m(/app/[39mnode_modules/[4m@nestjs/core[24m/injector/injector.js:140:38[90m)[39m
    at async Promise.all (index 1)
    at async Injector.resolveConstructorParams [90m(/app/[39mnode_modules/[4m@nestjs/core[24m/injector/injector.js:169:27[90m)[39m
    at async Injector.loadInstance [90m(/app/[39mnode_modules/[4m@nestjs/core[24m/injector/injector.js:75:13[90m)[39m
    at async Injector.loadController [90m(/app/[39mnode_modules/[4m@nestjs/core[24m/injector/injector.js:94:9[90m)[39m
    at async [90m/app/[39mnode_modules/[4m@nestjs/core[24m/injector/instance-loader.js:68:13
    at async Promise.all (index 0)
    at async InstanceLoader.createInstancesOfControllers [90m(/app/[39mnode_modules/[4m@nestjs/core[24m/injector/instance-loader.js:67:9[90m)[39m {
  type: [32m'AuthController'[39m,
  context: {
    index: [33m1[39m,
    dependencies: [
      [36m[class AuthService][39m,
      [36m[class OtpService][39m
    ],
    name: [36m[class OtpService][39m
  },
  metadata: {
    id: [32m'7094268d4e58731038896'[39m
  },
  moduleRef: {
    id: [32m'51d238b87979e666851d4'[39m
  }
}
[32m[Nest] 1  - [39m03/16/2026, 8:49:08 PM [32m    LOG[39m [38;5;3m[NestFactory] [39m[32mStarting Nest application...[39m
[32m[Nest] 1  - [39m03/16/2026, 8:49:08 PM [32m    LOG[39m [38;5;3m[InstanceLoader] [39m[32mDatabaseModule dependencies initialized[39m[38;5;3m +47ms[39m
[32m[Nest] 1  - [39m03/16/2026, 8:49:08 PM [32m    LOG[39m [38;5;3m[InstanceLoader] [39m[32mTypeOrmModule dependencies initialized[39m[38;5;3m +0ms[39m
[32m[Nest] 1  - [39m03/16/2026, 8:49:08 PM [32m    LOG[39m [38;5;3m[InstanceLoader] [39m[32mPassportModule dependencies initialized[39m[38;5;3m +0ms[39m
[32m[Nest] 1  - [39m03/16/2026, 8:49:08 PM [32m    LOG[39m [38;5;3m[InstanceLoader] [39m[32mEventsModule dependencies initialized[39m[38;5;3m +0ms[39m
[32m[Nest] 1  - [39m03/16/2026, 8:49:08 PM [32m    LOG[39m [38;5;3m[InstanceLoader] [39m[32mConfigHostModule dependencies initialized[39m[38;5;3m +1ms[39m
[32m[Nest] 1  - [39m03/16/2026, 8:49:08 PM [32m    LOG[39m [38;5;3m[InstanceLoader] [39m[32mDiscoveryModule dependencies initialized[39m[38;5;3m +1ms[39m
[32m[Nest] 1  - [39m03/16/2026, 8:49:08 PM [32m    LOG[39m [38;5;3m[InstanceLoader] [39m[32mAppModule dependencies initialized[39m[38;5;3m +6ms[39m
[32m[Nest] 1  - [39m03/16/2026, 8:49:08 PM [32m    LOG[39m [38;5;3m[InstanceLoader] [39m[32mConfigModule dependencies initialized[39m[38;5;3m +0ms[39m
[32m[Nest] 1  - [39m03/16/2026, 8:49:08 PM [32m    LOG[39m [38;5;3m[InstanceLoader] [39m[32mConfigModule dependencies initialized[39m[38;5;3m +1ms[39m
[32m[Nest] 1  - [39m03/16/2026, 8:49:09 PM [32m    LOG[39m [38;5;3m[InstanceLoader] [39m[32mOtpModule dependencies initialized[39m[38;5;3m +88ms[39m
[32m[Nest] 1  - [39m03/16/2026, 8:49:09 PM [32m    LOG[39m [38;5;3m[InstanceLoader] [39m[32mBullModule dependencies initialized[39m[38;5;3m +0ms[39m
[32m[Nest] 1  - [39m03/16/2026, 8:49:09 PM [32m    LOG[39m [38;5;3m[InstanceLoader] [39m[32mBullModule dependencies initialized[39m[38;5;3m +0ms[39m
[32m[Nest] 1  - [39m03/16/2026, 8:49:09 PM [32m    LOG[39m [38;5;3m[InstanceLoader] [39m[32mJwtModule dependencies initialized[39m[38;5;3m +1ms[39m
[32m[Nest] 1  - [39m03/16/2026, 8:49:09 PM [32m    LOG[39m [38;5;3m[InstanceLoader] [39m[32mMediaModule dependencies initialized[39m[38;5;3m +4ms[39m
[32m[Nest] 1  - [39m03/16/2026, 8:49:09 PM [32m    LOG[39m [38;5;3m[InstanceLoader] [39m[32mBullModule dependencies initialized[39m[38;5;3m +1ms[39m
query: SELECT version()
query: SELECT * FROM current_schema()
query: CREATE EXTENSION IF NOT EXISTS "uuid-ossp"
query: CREATE EXTENSION IF NOT EXISTS "ltree"
[32m[Nest] 1  - [39m03/16/2026, 8:49:09 PM [32m    LOG[39m [38;5;3m[InstanceLoader] [39m[32mTypeOrmCoreModule dependencies initialized[39m[38;5;3m +120ms[39m
[32m[Nest] 1  - [39m03/16/2026, 8:49:09 PM [32m    LOG[39m [38;5;3m[InstanceLoader] [39m[32mTypeOrmModule dependencies initialized[39m[38;5;3m +0ms[39m
[32m[Nest] 1  - [39m03/16/2026, 8:49:09 PM [32m    LOG[39m [38;5;3m[InstanceLoader] [39m[32mTypeOrmModule dependencies initialized[39m[38;5;3m +0ms[39m
[32m[Nest] 1  - [39m03/16/2026, 8:49:09 PM [32m    LOG[39m [38;5;3m[InstanceLoader] [39m[32mTypeOrmModule dependencies initialized[39m[38;5;3m +0ms[39m
[32m[Nest] 1  - [39m03/16/2026, 8:49:09 PM [32m    LOG[39m [38;5;3m[InstanceLoader] [39m[32mTypeOrmModule dependencies initialized[39m[38;5;3m +0ms[39m
[32m[Nest] 1  - [39m03/16/2026, 8:49:09 PM [32m    LOG[39m [38;5;3m[InstanceLoader] [39m[32mTypeOrmModule dependencies initialized[39m[38;5;3m +0ms[39m
[32m[Nest] 1  - [39m03/16/2026, 8:49:09 PM [32m    LOG[39m [38;5;3m[InstanceLoader] [39m[32mTypeOrmModule dependencies initialized[39m[38;5;3m +0ms[39m
[32m[Nest] 1  - [39m03/16/2026, 8:49:09 PM [32m    LOG[39m [38;5;3m[InstanceLoader] [39m[32mTypeOrmModule dependencies initialized[39m[38;5;3m +0ms[39m
[32m[Nest] 1  - [39m03/16/2026, 8:49:09 PM [32m    LOG[39m [38;5;3m[InstanceLoader] [39m[32mTypeOrmModule dependencies initialized[39m[38;5;3m +0ms[39m
[32m[Nest] 1  - [39m03/16/2026, 8:49:09 PM [32m    LOG[39m [38;5;3m[InstanceLoader] [39m[32mTypeOrmModule dependencies initialized[39m[38;5;3m +0ms[39m
[32m[Nest] 1  - [39m03/16/2026, 8:49:09 PM [32m    LOG[39m [38;5;3m[InstanceLoader] [39m[32mSearchModule dependencies initialized[39m[38;5;3m +1ms[39m
[32m[Nest] 1  - [39m03/16/2026, 8:49:09 PM [32m    LOG[39m [38;5;3m[InstanceLoader] [39m[32mIndiaFeaturesModule dependencies initialized[39m[38;5;3m +0ms[39m
[32m[Nest] 1  - [39m03/16/2026, 8:49:09 PM [32m    LOG[39m [38;5;3m[InstanceLoader] [39m[32mUsersModule dependencies initialized[39m[38;5;3m +3ms[39m
[32m[Nest] 1  - [39m03/16/2026, 8:49:09 PM [32m    LOG[39m [38;5;3m[InstanceLoader] [39m[32mCommunitiesModule dependencies initialized[39m[38;5;3m +0ms[39m
[32m[Nest] 1  - [39m03/16/2026, 8:49:09 PM [32m    LOG[39m [38;5;3m[InstanceLoader] [39m[32mPostsModule dependencies initialized[39m[38;5;3m +0ms[39m
[32m[Nest] 1  - [39m03/16/2026, 8:49:09 PM [32m    LOG[39m [38;5;3m[InstanceLoader] [39m[32mCommentsModule dependencies initialized[39m[38;5;3m +1ms[39m
[32m[Nest] 1  - [39m03/16/2026, 8:49:09 PM [32m    LOG[39m [38;5;3m[InstanceLoader] [39m[32mNotificationsModule dependencies initialized[39m[38;5;3m +0ms[39m
[32m[Nest] 1  - [39m03/16/2026, 8:49:09 PM [32m    LOG[39m [38;5;3m[InstanceLoader] [39m[32mMessagesModule dependencies initialized[39m[38;5;3m +0ms[39m
[32m[Nest] 1  - [39m03/16/2026, 8:49:09 PM [32m    LOG[39m [38;5;3m[InstanceLoader] [39m[32mModerationModule dependencies initialized[39m[38;5;3m +0ms[39m
[32m[Nest] 1  - [39m03/16/2026, 8:49:09 PM [32m    LOG[39m [38;5;3m[InstanceLoader] [39m[32mVotesModule dependencies initialized[39m[38;5;3m +0ms[39m
[31m[Nest] 1  - [39m03/16/2026, 8:49:09 PM [31m  ERROR[39m [38;5;3m[ExceptionHandler] [39mUnknownDependenciesException [Error]: Nest can't resolve dependencies of the AuthController (AuthService, ?). Please make sure that the argument OtpService at index [1] is available in the AuthModule module.

Potential solutions:
- Is AuthModule a valid NestJS module?
- If OtpService is a provider, is it part of the current AuthModule?
- If OtpService is exported from a separate @Module, is that module imported within AuthModule?
  @Module({
    imports: [ /* the Module containing OtpService */ ]
  })

For more common dependency resolution issues, see: https://docs.nestjs.com/faq/common-errors
    at Injector.lookupComponentInParentModules [90m(/app/[39mnode_modules/[4m@nestjs/core[24m/injector/injector.js:290:19[90m)[39m
[90m    at process.processTicksAndRejections (node:internal/process/task_queues:95:5)[39m
    at async resolveParam [90m(/app/[39mnode_modules/[4m@nestjs/core[24m/injector/injector.js:140:38[90m)[39m
    at async Promise.all (index 1)
    at async Injector.resolveConstructorParams [90m(/app/[39mnode_modules/[4m@nestjs/core[24m/injector/injector.js:169:27[90m)[39m
    at async Injector.loadInstance [90m(/app/[39mnode_modules/[4m@nestjs/core[24m/injector/injector.js:75:13[90m)[39m
    at async Injector.loadController [90m(/app/[39mnode_modules/[4m@nestjs/core[24m/injector/injector.js:94:9[90m)[39m
    at async [90m/app/[39mnode_modules/[4m@nestjs/core[24m/injector/instance-loader.js:68:13
    at async Promise.all (index 0)
    at async InstanceLoader.createInstancesOfControllers [90m(/app/[39mnode_modules/[4m@nestjs/core[24m/injector/instance-loader.js:67:9[90m)[39m {
  type: [32m'AuthController'[39m,
  context: {
    index: [33m1[39m,
    dependencies: [
      [36m[class AuthService][39m,
      [36m[class OtpService][39m
    ],
    name: [36m[class OtpService][39m
  },
  metadata: {
    id: [32m'2d1caf68f5bbf4c282549'[39m
  },
  moduleRef: {
    id: [32m'a77958d9423c2d107bb4b'[39m
  }
}
[32m[Nest] 1  - [39m03/16/2026, 8:49:12 PM [32m    LOG[39m [38;5;3m[NestFactory] [39m[32mStarting Nest application...[39m
[32m[Nest] 1  - [39m03/16/2026, 8:49:12 PM [32m    LOG[39m [38;5;3m[InstanceLoader] [39m[32mDatabaseModule dependencies initialized[39m[38;5;3m +57ms[39m
[32m[Nest] 1  - [39m03/16/2026, 8:49:12 PM [32m    LOG[39m [38;5;3m[InstanceLoader] [39m[32mTypeOrmModule dependencies initialized[39m[38;5;3m +1ms[39m
[32m[Nest] 1  - [39m03/16/2026, 8:49:12 PM [32m    LOG[39m [38;5;3m[InstanceLoader] [39m[32mPassportModule dependencies initialized[39m[38;5;3m +0ms[39m
[32m[Nest] 1  - [39m03/16/2026, 8:49:12 PM [32m    LOG[39m [38;5;3m[InstanceLoader] [39m[32mEventsModule dependencies initialized[39m[38;5;3m +0ms[39m
[32m[Nest] 1  - [39m03/16/2026, 8:49:12 PM [32m    LOG[39m [38;5;3m[InstanceLoader] [39m[32mConfigHostModule dependencies initialized[39m[38;5;3m +1ms[39m
[32m[Nest] 1  - [39m03/16/2026, 8:49:12 PM [32m    LOG[39m [38;5;3m[InstanceLoader] [39m[32mDiscoveryModule dependencies initialized[39m[38;5;3m +1ms[39m
[32m[Nest] 1  - [39m03/16/2026, 8:49:12 PM [32m    LOG[39m [38;5;3m[InstanceLoader] [39m[32mAppModule dependencies initialized[39m[38;5;3m +8ms[39m
[32m[Nest] 1  - [39m03/16/2026, 8:49:12 PM [32m    LOG[39m [38;5;3m[InstanceLoader] [39m[32mConfigModule dependencies initialized[39m[38;5;3m +0ms[39m
[32m[Nest] 1  - [39m03/16/2026, 8:49:12 PM [32m    LOG[39m [38;5;3m[InstanceLoader] [39m[32mConfigModule dependencies initialized[39m[38;5;3m +1ms[39m
[32m[Nest] 1  - [39m03/16/2026, 8:49:12 PM [32m    LOG[39m [38;5;3m[InstanceLoader] [39m[32mOtpModule dependencies initialized[39m[38;5;3m +83ms[39m
[32m[Nest] 1  - [39m03/16/2026, 8:49:12 PM [32m    LOG[39m [38;5;3m[InstanceLoader] [39m[32mBullModule dependencies initialized[39m[38;5;3m +0ms[39m
[32m[Nest] 1  - [39m03/16/2026, 8:49:12 PM [32m    LOG[39m [38;5;3m[InstanceLoader] [39m[32mBullModule dependencies initialized[39m[38;5;3m +0ms[39m
[32m[Nest] 1  - [39m03/16/2026, 8:49:12 PM [32m    LOG[39m [38;5;3m[InstanceLoader] [39m[32mJwtModule dependencies initialized[39m[38;5;3m +1ms[39m
[32m[Nest] 1  - [39m03/16/2026, 8:49:12 PM [32m    LOG[39m [38;5;3m[InstanceLoader] [39m[32mMediaModule dependencies initialized[39m[38;5;3m +6ms[39m
[32m[Nest] 1  - [39m03/16/2026, 8:49:12 PM [32m    LOG[39m [38;5;3m[InstanceLoader] [39m[32mBullModule dependencies initialized[39m[38;5;3m +0ms[39m
query: SELECT version()
query: SELECT * FROM current_schema()
query: CREATE EXTENSION IF NOT EXISTS "uuid-ossp"
query: CREATE EXTENSION IF NOT EXISTS "ltree"
[32m[Nest] 1  - [39m03/16/2026, 8:49:12 PM [32m    LOG[39m [38;5;3m[InstanceLoader] [39m[32mTypeOrmCoreModule dependencies initialized[39m[38;5;3m +145ms[39m
[32m[Nest] 1  - [39m03/16/2026, 8:49:12 PM [32m    LOG[39m [38;5;3m[InstanceLoader] [39m[32mTypeOrmModule dependencies initialized[39m[38;5;3m +0ms[39m
[32m[Nest] 1  - [39m03/16/2026, 8:49:12 PM [32m    LOG[39m [38;5;3m[InstanceLoader] [39m[32mTypeOrmModule dependencies initialized[39m[38;5;3m +0ms[39m
[32m[Nest] 1  - [39m03/16/2026, 8:49:12 PM [32m    LOG[39m [38;5;3m[InstanceLoader] [39m[32mTypeOrmModule dependencies initialized[39m[38;5;3m +1ms[39m
[32m[Nest] 1  - [39m03/16/2026, 8:49:12 PM [32m    LOG[39m [38;5;3m[InstanceLoader] [39m[32mTypeOrmModule dependencies initialized[39m[38;5;3m +0ms[39m
[32m[Nest] 1  - [39m03/16/2026, 8:49:12 PM [32m    LOG[39m [38;5;3m[InstanceLoader] [39m[32mTypeOrmModule dependencies initialized[39m[38;5;3m +0ms[39m
[32m[Nest] 1  - [39m03/16/2026, 8:49:12 PM [32m    LOG[39m [38;5;3m[InstanceLoader] [39m[32mTypeOrmModule dependencies initialized[39m[38;5;3m +0ms[39m
[32m[Nest] 1  - [39m03/16/2026, 8:49:12 PM [32m    LOG[39m [38;5;3m[InstanceLoader] [39m[32mTypeOrmModule dependencies initialized[39m[38;5;3m +0ms[39m
[32m[Nest] 1  - [39m03/16/2026, 8:49:12 PM [32m    LOG[39m [38;5;3m[InstanceLoader] [39m[32mTypeOrmModule dependencies initialized[39m[38;5;3m +0ms[39m
[32m[Nest] 1  - [39m03/16/2026, 8:49:12 PM [32m    LOG[39m [38;5;3m[InstanceLoader] [39m[32mTypeOrmModule dependencies initialized[39m[38;5;3m +0ms[39m
[32m[Nest] 1  - [39m03/16/2026, 8:49:12 PM [32m    LOG[39m [38;5;3m[InstanceLoader] [39m[32mSearchModule dependencies initialized[39m[38;5;3m +1ms[39m
[32m[Nest] 1  - [39m03/16/2026, 8:49:12 PM [32m    LOG[39m [38;5;3m[InstanceLoader] [39m[32mIndiaFeaturesModule dependencies initialized[39m[38;5;3m +0ms[39m
[32m[Nest] 1  - [39m03/16/2026, 8:49:12 PM [32m    LOG[39m [38;5;3m[InstanceLoader] [39m[32mUsersModule dependencies initialized[39m[38;5;3m +2ms[39m
[32m[Nest] 1  - [39m03/16/2026, 8:49:12 PM [32m    LOG[39m [38;5;3m[InstanceLoader] [39m[32mCommunitiesModule dependencies initialized[39m[38;5;3m +1ms[39m
[32m[Nest] 1  - [39m03/16/2026, 8:49:12 PM [32m    LOG[39m [38;5;3m[InstanceLoader] [39m[32mPostsModule dependencies initialized[39m[38;5;3m +0ms[39m
[32m[Nest] 1  - [39m03/16/2026, 8:49:12 PM [32m    LOG[39m [38;5;3m[InstanceLoader] [39m[32mCommentsModule dependencies initialized[39m[38;5;3m +0ms[39m
[32m[Nest] 1  - [39m03/16/2026, 8:49:12 PM [32m    LOG[39m [38;5;3m[InstanceLoader] [39m[32mNotificationsModule dependencies initialized[39m[38;5;3m +0ms[39m
[32m[Nest] 1  - [39m03/16/2026, 8:49:12 PM [32m    LOG[39m [38;5;3m[InstanceLoader] [39m[32mMessagesModule dependencies initialized[39m[38;5;3m +0ms[39m
[32m[Nest] 1  - [39m03/16/2026, 8:49:12 PM [32m    LOG[39m [38;5;3m[InstanceLoader] [39m[32mModerationModule dependencies initialized[39m[38;5;3m +0ms[39m
[32m[Nest] 1  - [39m03/16/2026, 8:49:12 PM [32m    LOG[39m [38;5;3m[InstanceLoader] [39m[32mVotesModule dependencies initialized[39m[38;5;3m +0ms[39m
[31m[Nest] 1  - [39m03/16/2026, 8:49:12 PM [31m  ERROR[39m [38;5;3m[ExceptionHandler] [39mUnknownDependenciesException [Error]: Nest can't resolve dependencies of the AuthController (AuthService, ?). Please make sure that the argument OtpService at index [1] is available in the AuthModule module.

Potential solutions:
- Is AuthModule a valid NestJS module?
- If OtpService is a provider, is it part of the current AuthModule?
- If OtpService is exported from a separate @Module, is that module imported within AuthModule?
  @Module({
    imports: [ /* the Module containing OtpService */ ]
  })

For more common dependency resolution issues, see: https://docs.nestjs.com/faq/common-errors
    at Injector.lookupComponentInParentModules [90m(/app/[39mnode_modules/[4m@nestjs/core[24m/injector/injector.js:290:19[90m)[39m
[90m    at process.processTicksAndRejections (node:internal/process/task_queues:95:5)[39m
    at async resolveParam [90m(/app/[39mnode_modules/[4m@nestjs/core[24m/injector/injector.js:140:38[90m)[39m
    at async Promise.all (index 1)
    at async Injector.resolveConstructorParams [90m(/app/[39mnode_modules/[4m@nestjs/core[24m/injector/injector.js:169:27[90m)[39m
    at async Injector.loadInstance [90m(/app/[39mnode_modules/[4m@nestjs/core[24m/injector/injector.js:75:13[90m)[39m
    at async Injector.loadController [90m(/app/[39mnode_modules/[4m@nestjs/core[24m/injector/injector.js:94:9[90m)[39m
    at async [90m/app/[39mnode_modules/[4m@nestjs/core[24m/injector/instance-loader.js:68:13
    at async Promise.all (index 0)
    at async InstanceLoader.createInstancesOfControllers [90m(/app/[39mnode_modules/[4m@nestjs/core[24m/injector/instance-loader.js:67:9[90m)[39m {
  type: [32m'AuthController'[39m,
  context: {
    index: [33m1[39m,
    dependencies: [
      [36m[class AuthService][39m,
      [36m[class OtpService][39m
    ],
    name: [36m[class OtpService][39m
  },
  metadata: {
    id: [32m'de3ba3e65c7f1ecd11e91'[39m
  },
  moduleRef: {
    id: [32m'28c83856834be4c05caee'[39m
  }
}
[32m[Nest] 1  - [39m03/16/2026, 8:49:17 PM [32m    LOG[39m [38;5;3m[NestFactory] [39m[32mStarting Nest application...[39m
[32m[Nest] 1  - [39m03/16/2026, 8:49:17 PM [32m    LOG[39m [38;5;3m[InstanceLoader] [39m[32mDatabaseModule dependencies initialized[39m[38;5;3m +50ms[39m
[32m[Nest] 1  - [39m03/16/2026, 8:49:17 PM [32m    LOG[39m [38;5;3m[InstanceLoader] [39m[32mTypeOrmModule dependencies initialized[39m[38;5;3m +0ms[39m
[32m[Nest] 1  - [39m03/16/2026, 8:49:17 PM [32m    LOG[39m [38;5;3m[InstanceLoader] [39m[32mPassportModule dependencies initialized[39m[38;5;3m +0ms[39m
[32m[Nest] 1  - [39m03/16/2026, 8:49:17 PM [32m    LOG[39m [38;5;3m[InstanceLoader] [39m[32mEventsModule dependencies initialized[39m[38;5;3m +1ms[39m
[32m[Nest] 1  - [39m03/16/2026, 8:49:17 PM [32m    LOG[39m [38;5;3m[InstanceLoader] [39m[32mConfigHostModule dependencies initialized[39m[38;5;3m +1ms[39m
[32m[Nest] 1  - [39m03/16/2026, 8:49:17 PM [32m    LOG[39m [38;5;3m[InstanceLoader] [39m[32mDiscoveryModule dependencies initialized[39m[38;5;3m +0ms[39m
[32m[Nest] 1  - [39m03/16/2026, 8:49:17 PM [32m    LOG[39m [38;5;3m[InstanceLoader] [39m[32mAppModule dependencies initialized[39m[38;5;3m +9ms[39m
[32m[Nest] 1  - [39m03/16/2026, 8:49:17 PM [32m    LOG[39m [38;5;3m[InstanceLoader] [39m[32mConfigModule dependencies initialized[39m[38;5;3m +0ms[39m
[32m[Nest] 1  - [39m03/16/2026, 8:49:17 PM [32m    LOG[39m [38;5;3m[InstanceLoader] [39m[32mConfigModule dependencies initialized[39m[38;5;3m +1ms[39m
[32m[Nest] 1  - [39m03/16/2026, 8:49:17 PM [32m    LOG[39m [38;5;3m[InstanceLoader] [39m[32mOtpModule dependencies initialized[39m[38;5;3m +92ms[39m
[32m[Nest] 1  - [39m03/16/2026, 8:49:17 PM [32m    LOG[39m [38;5;3m[InstanceLoader] [39m[32mBullModule dependencies initialized[39m[38;5;3m +1ms[39m
[32m[Nest] 1  - [39m03/16/2026, 8:49:17 PM [32m    LOG[39m [38;5;3m[InstanceLoader] [39m[32mBullModule dependencies initialized[39m[38;5;3m +0ms[39m
[32m[Nest] 1  - [39m03/16/2026, 8:49:17 PM [32m    LOG[39m [38;5;3m[InstanceLoader] [39m[32mJwtModule dependencies initialized[39m[38;5;3m +1ms[39m
[32m[Nest] 1  - [39m03/16/2026, 8:49:17 PM [32m    LOG[39m [38;5;3m[InstanceLoader] [39m[32mMediaModule dependencies initialized[39m[38;5;3m +6ms[39m
[32m[Nest] 1  - [39m03/16/2026, 8:49:17 PM [32m    LOG[39m [38;5;3m[InstanceLoader] [39m[32mBullModule dependencies initialized[39m[38;5;3m +0ms[39m
query: SELECT version()
query: SELECT * FROM current_schema()
query: CREATE EXTENSION IF NOT EXISTS "uuid-ossp"
query: CREATE EXTENSION IF NOT EXISTS "ltree"
[32m[Nest] 1  - [39m03/16/2026, 8:49:18 PM [32m    LOG[39m [38;5;3m[InstanceLoader] [39m[32mTypeOrmCoreModule dependencies initialized[39m[38;5;3m +127ms[39m
[32m[Nest] 1  - [39m03/16/2026, 8:49:18 PM [32m    LOG[39m [38;5;3m[InstanceLoader] [39m[32mTypeOrmModule dependencies initialized[39m[38;5;3m +0ms[39m
[32m[Nest] 1  - [39m03/16/2026, 8:49:18 PM [32m    LOG[39m [38;5;3m[InstanceLoader] [39m[32mTypeOrmModule dependencies initialized[39m[38;5;3m +0ms[39m
[32m[Nest] 1  - [39m03/16/2026, 8:49:18 PM [32m    LOG[39m [38;5;3m[InstanceLoader] [39m[32mTypeOrmModule dependencies initialized[39m[38;5;3m +0ms[39m
[32m[Nest] 1  - [39m03/16/2026, 8:49:18 PM [32m    LOG[39m [38;5;3m[InstanceLoader] [39m[32mTypeOrmModule dependencies initialized[39m[38;5;3m +0ms[39m
[32m[Nest] 1  - [39m03/16/2026, 8:49:18 PM [32m    LOG[39m [38;5;3m[InstanceLoader] [39m[32mTypeOrmModule dependencies initialized[39m[38;5;3m +1ms[39m
[32m[Nest] 1  - [39m03/16/2026, 8:49:18 PM [32m    LOG[39m [38;5;3m[InstanceLoader] [39m[32mTypeOrmModule dependencies initialized[39m[38;5;3m +0ms[39m
[32m[Nest] 1  - [39m03/16/2026, 8:49:18 PM [32m    LOG[39m [38;5;3m[InstanceLoader] [39m[32mTypeOrmModule dependencies initialized[39m[38;5;3m +0ms[39m
[32m[Nest] 1  - [39m03/16/2026, 8:49:18 PM [32m    LOG[39m [38;5;3m[InstanceLoader] [39m[32mTypeOrmModule dependencies initialized[39m[38;5;3m +0ms[39m
[32m[Nest] 1  - [39m03/16/2026, 8:49:18 PM [32m    LOG[39m [38;5;3m[InstanceLoader] [39m[32mTypeOrmModule dependencies initialized[39m[38;5;3m +0ms[39m
[32m[Nest] 1  - [39m03/16/2026, 8:49:18 PM [32m    LOG[39m [38;5;3m[InstanceLoader] [39m[32mSearchModule dependencies initialized[39m[38;5;3m +1ms[39m
[32m[Nest] 1  - [39m03/16/2026, 8:49:18 PM [32m    LOG[39m [38;5;3m[InstanceLoader] [39m[32mIndiaFeaturesModule dependencies initialized[39m[38;5;3m +0ms[39m
[32m[Nest] 1  - [39m03/16/2026, 8:49:18 PM [32m    LOG[39m [38;5;3m[InstanceLoader] [39m[32mUsersModule dependencies initialized[39m[38;5;3m +2ms[39m
[32m[Nest] 1  - [39m03/16/2026, 8:49:18 PM [32m    LOG[39m [38;5;3m[InstanceLoader] [39m[32mCommunitiesModule dependencies initialized[39m[38;5;3m +0ms[39m
[32m[Nest] 1  - [39m03/16/2026, 8:49:18 PM [32m    LOG[39m [38;5;3m[InstanceLoader] [39m[32mPostsModule dependencies initialized[39m[38;5;3m +0ms[39m
[32m[Nest] 1  - [39m03/16/2026, 8:49:18 PM [32m    LOG[39m [38;5;3m[InstanceLoader] [39m[32mCommentsModule dependencies initialized[39m[38;5;3m +0ms[39m
[32m[Nest] 1  - [39m03/16/2026, 8:49:18 PM [32m    LOG[39m [38;5;3m[InstanceLoader] [39m[32mNotificationsModule dependencies initialized[39m[38;5;3m +0ms[39m
[32m[Nest] 1  - [39m03/16/2026, 8:49:18 PM [32m    LOG[39m [38;5;3m[InstanceLoader] [39m[32mMessagesModule dependencies initialized[39m[38;5;3m +0ms[39m
[32m[Nest] 1  - [39m03/16/2026, 8:49:18 PM [32m    LOG[39m [38;5;3m[InstanceLoader] [39m[32mModerationModule dependencies initialized[39m[38;5;3m +0ms[39m
[32m[Nest] 1  - [39m03/16/2026, 8:49:18 PM [32m    LOG[39m [38;5;3m[InstanceLoader] [39m[32mVotesModule dependencies initialized[39m[38;5;3m +0ms[39m
[31m[Nest] 1  - [39m03/16/2026, 8:49:18 PM [31m  ERROR[39m [38;5;3m[ExceptionHandler] [39mUnknownDependenciesException [Error]: Nest can't resolve dependencies of the AuthController (AuthService, ?). Please make sure that the argument OtpService at index [1] is available in the AuthModule module.

Potential solutions:
- Is AuthModule a valid NestJS module?
- If OtpService is a provider, is it part of the current AuthModule?
- If OtpService is exported from a separate @Module, is that module imported within AuthModule?
  @Module({
    imports: [ /* the Module containing OtpService */ ]
  })

For more common dependency resolution issues, see: https://docs.nestjs.com/faq/common-errors
    at Injector.lookupComponentInParentModules [90m(/app/[39mnode_modules/[4m@nestjs/core[24m/injector/injector.js:290:19[90m)[39m
[90m    at process.processTicksAndRejections (node:internal/process/task_queues:95:5)[39m
    at async resolveParam [90m(/app/[39mnode_modules/[4m@nestjs/core[24m/injector/injector.js:140:38[90m)[39m
    at async Promise.all (index 1)
    at async Injector.resolveConstructorParams [90m(/app/[39mnode_modules/[4m@nestjs/core[24m/injector/injector.js:169:27[90m)[39m
    at async Injector.loadInstance [90m(/app/[39mnode_modules/[4m@nestjs/core[24m/injector/injector.js:75:13[90m)[39m
    at async Injector.loadController [90m(/app/[39mnode_modules/[4m@nestjs/core[24m/injector/injector.js:94:9[90m)[39m
    at async [90m/app/[39mnode_modules/[4m@nestjs/core[24m/injector/instance-loader.js:68:13
    at async Promise.all (index 0)
    at async InstanceLoader.createInstancesOfControllers [90m(/app/[39mnode_modules/[4m@nestjs/core[24m/injector/instance-loader.js:67:9[90m)[39m {
  type: [32m'AuthController'[39m,
  context: {
    index: [33m1[39m,
    dependencies: [
      [36m[class AuthService][39m,
      [36m[class OtpService][39m
    ],
    name: [36m[class OtpService][39m
  },
  metadata: {
    id: [32m'f538f2f5580011f5b0983'[39m
  },
  moduleRef: {
    id: [32m'fa7359e6686f4e62d7fb4'[39m
  }
}
[32m[Nest] 1  - [39m03/16/2026, 8:49:26 PM [32m    LOG[39m [38;5;3m[NestFactory] [39m[32mStarting Nest application...[39m
[32m[Nest] 1  - [39m03/16/2026, 8:49:26 PM [32m    LOG[39m [38;5;3m[InstanceLoader] [39m[32mDatabaseModule dependencies initialized[39m[38;5;3m +53ms[39m
[32m[Nest] 1  - [39m03/16/2026, 8:49:26 PM [32m    LOG[39m [38;5;3m[InstanceLoader] [39m[32mTypeOrmModule dependencies initialized[39m[38;5;3m +0ms[39m
[32m[Nest] 1  - [39m03/16/2026, 8:49:26 PM [32m    LOG[39m [38;5;3m[InstanceLoader] [39m[32mPassportModule dependencies initialized[39m[38;5;3m +0ms[39m
[32m[Nest] 1  - [39m03/16/2026, 8:49:26 PM [32m    LOG[39m [38;5;3m[InstanceLoader] [39m[32mEventsModule dependencies initialized[39m[38;5;3m +0ms[39m
[32m[Nest] 1  - [39m03/16/2026, 8:49:26 PM [32m    LOG[39m [38;5;3m[InstanceLoader] [39m[32mConfigHostModule dependencies initialized[39m[38;5;3m +2ms[39m
[32m[Nest] 1  - [39m03/16/2026, 8:49:26 PM [32m    LOG[39m [38;5;3m[InstanceLoader] [39m[32mDiscoveryModule dependencies initialized[39m[38;5;3m +0ms[39m
[32m[Nest] 1  - [39m03/16/2026, 8:49:26 PM [32m    LOG[39m [38;5;3m[InstanceLoader] [39m[32mAppModule dependencies initialized[39m[38;5;3m +8ms[39m
[32m[Nest] 1  - [39m03/16/2026, 8:49:26 PM [32m    LOG[39m [38;5;3m[InstanceLoader] [39m[32mConfigModule dependencies initialized[39m[38;5;3m +0ms[39m
[32m[Nest] 1  - [39m03/16/2026, 8:49:26 PM [32m    LOG[39m [38;5;3m[InstanceLoader] [39m[32mConfigModule dependencies initialized[39m[38;5;3m +0ms[39m
[32m[Nest] 1  - [39m03/16/2026, 8:49:26 PM [32m    LOG[39m [38;5;3m[InstanceLoader] [39m[32mOtpModule dependencies initialized[39m[38;5;3m +100ms[39m
[32m[Nest] 1  - [39m03/16/2026, 8:49:26 PM [32m    LOG[39m [38;5;3m[InstanceLoader] [39m[32mBullModule dependencies initialized[39m[38;5;3m +0ms[39m
[32m[Nest] 1  - [39m03/16/2026, 8:49:26 PM [32m    LOG[39m [38;5;3m[InstanceLoader] [39m[32mBullModule dependencies initialized[39m[38;5;3m +0ms[39m
[32m[Nest] 1  - [39m03/16/2026, 8:49:26 PM [32m    LOG[39m [38;5;3m[InstanceLoader] [39m[32mJwtModule dependencies initialized[39m[38;5;3m +1ms[39m
[32m[Nest] 1  - [39m03/16/2026, 8:49:26 PM [32m    LOG[39m [38;5;3m[InstanceLoader] [39m[32mMediaModule dependencies initialized[39m[38;5;3m +10ms[39m
[32m[Nest] 1  - [39m03/16/2026, 8:49:26 PM [32m    LOG[39m [38;5;3m[InstanceLoader] [39m[32mBullModule dependencies initialized[39m[38;5;3m +0ms[39m
query: SELECT version()
query: SELECT * FROM current_schema()
query: CREATE EXTENSION IF NOT EXISTS "uuid-ossp"
query: CREATE EXTENSION IF NOT EXISTS "ltree"
[32m[Nest] 1  - [39m03/16/2026, 8:49:26 PM [32m    LOG[39m [38;5;3m[InstanceLoader] [39m[32mTypeOrmCoreModule dependencies initialized[39m[38;5;3m +158ms[39m
[32m[Nest] 1  - [39m03/16/2026, 8:49:26 PM [32m    LOG[39m [38;5;3m[InstanceLoader] [39m[32mTypeOrmModule dependencies initialized[39m[38;5;3m +0ms[39m
[32m[Nest] 1  - [39m03/16/2026, 8:49:26 PM [32m    LOG[39m [38;5;3m[InstanceLoader] [39m[32mTypeOrmModule dependencies initialized[39m[38;5;3m +0ms[39m
[32m[Nest] 1  - [39m03/16/2026, 8:49:26 PM [32m    LOG[39m [38;5;3m[InstanceLoader] [39m[32mTypeOrmModule dependencies initialized[39m[38;5;3m +0ms[39m
[32m[Nest] 1  - [39m03/16/2026, 8:49:26 PM [32m    LOG[39m [38;5;3m[InstanceLoader] [39m[32mTypeOrmModule dependencies initialized[39m[38;5;3m +0ms[39m
[32m[Nest] 1  - [39m03/16/2026, 8:49:26 PM [32m    LOG[39m [38;5;3m[InstanceLoader] [39m[32mTypeOrmModule dependencies initialized[39m[38;5;3m +0ms[39m
[32m[Nest] 1  - [39m03/16/2026, 8:49:26 PM [32m    LOG[39m [38;5;3m[InstanceLoader] [39m[32mTypeOrmModule dependencies initialized[39m[38;5;3m +0ms[39m
[32m[Nest] 1  - [39m03/16/2026, 8:49:26 PM [32m    LOG[39m [38;5;3m[InstanceLoader] [39m[32mTypeOrmModule dependencies initialized[39m[38;5;3m +1ms[39m
[32m[Nest] 1  - [39m03/16/2026, 8:49:26 PM [32m    LOG[39m [38;5;3m[InstanceLoader] [39m[32mTypeOrmModule dependencies initialized[39m[38;5;3m +0ms[39m
[32m[Nest] 1  - [39m03/16/2026, 8:49:26 PM [32m    LOG[39m [38;5;3m[InstanceLoader] [39m[32mTypeOrmModule dependencies initialized[39m[38;5;3m +0ms[39m
[32m[Nest] 1  - [39m03/16/2026, 8:49:26 PM [32m    LOG[39m [38;5;3m[InstanceLoader] [39m[32mSearchModule dependencies initialized[39m[38;5;3m +1ms[39m
[32m[Nest] 1  - [39m03/16/2026, 8:49:26 PM [32m    LOG[39m [38;5;3m[InstanceLoader] [39m[32mIndiaFeaturesModule dependencies initialized[39m[38;5;3m +0ms[39m
[32m[Nest] 1  - [39m03/16/2026, 8:49:26 PM [32m    LOG[39m [38;5;3m[InstanceLoader] [39m[32mUsersModule dependencies initialized[39m[38;5;3m +3ms[39m
[32m[Nest] 1  - [39m03/16/2026, 8:49:26 PM [32m    LOG[39m [38;5;3m[InstanceLoader] [39m[32mCommunitiesModule dependencies initialized[39m[38;5;3m +0ms[39m
[32m[Nest] 1  - [39m03/16/2026, 8:49:26 PM [32m    LOG[39m [38;5;3m[InstanceLoader] [39m[32mPostsModule dependencies initialized[39m[38;5;3m +0ms[39m
[32m[Nest] 1  - [39m03/16/2026, 8:49:26 PM [32m    LOG[39m [38;5;3m[InstanceLoader] [39m[32mCommentsModule dependencies initialized[39m[38;5;3m +0ms[39m
[32m[Nest] 1  - [39m03/16/2026, 8:49:26 PM [32m    LOG[39m [38;5;3m[InstanceLoader] [39m[32mNotificationsModule dependencies initialized[39m[38;5;3m +0ms[39m
[32m[Nest] 1  - [39m03/16/2026, 8:49:26 PM [32m    LOG[39m [38;5;3m[InstanceLoader] [39m[32mMessagesModule dependencies initialized[39m[38;5;3m +0ms[39m
[32m[Nest] 1  - [39m03/16/2026, 8:49:26 PM [32m    LOG[39m [38;5;3m[InstanceLoader] [39m[32mModerationModule dependencies initialized[39m[38;5;3m +1ms[39m
[32m[Nest] 1  - [39m03/16/2026, 8:49:26 PM [32m    LOG[39m [38;5;3m[InstanceLoader] [39m[32mVotesModule dependencies initialized[39m[38;5;3m +0ms[39m
[31m[Nest] 1  - [39m03/16/2026, 8:49:26 PM [31m  ERROR[39m [38;5;3m[ExceptionHandler] [39mUnknownDependenciesException [Error]: Nest can't resolve dependencies of the AuthController (AuthService, ?). Please make sure that the argument OtpService at index [1] is available in the AuthModule module.

Potential solutions:
- Is AuthModule a valid NestJS module?
- If OtpService is a provider, is it part of the current AuthModule?
- If OtpService is exported from a separate @Module, is that module imported within AuthModule?
  @Module({
    imports: [ /* the Module containing OtpService */ ]
  })

For more common dependency resolution issues, see: https://docs.nestjs.com/faq/common-errors
    at Injector.lookupComponentInParentModules [90m(/app/[39mnode_modules/[4m@nestjs/core[24m/injector/injector.js:290:19[90m)[39m
[90m    at process.processTicksAndRejections (node:internal/process/task_queues:95:5)[39m
    at async resolveParam [90m(/app/[39mnode_modules/[4m@nestjs/core[24m/injector/injector.js:140:38[90m)[39m
    at async Promise.all (index 1)
    at async Injector.resolveConstructorParams [90m(/app/[39mnode_modules/[4m@nestjs/core[24m/injector/injector.js:169:27[90m)[39m
    at async Injector.loadInstance [90m(/app/[39mnode_modules/[4m@nestjs/core[24m/injector/injector.js:75:13[90m)[39m
    at async Injector.loadController [90m(/app/[39mnode_modules/[4m@nestjs/core[24m/injector/injector.js:94:9[90m)[39m
    at async [90m/app/[39mnode_modules/[4m@nestjs/core[24m/injector/instance-loader.js:68:13
    at async Promise.all (index 0)
    at async InstanceLoader.createInstancesOfControllers [90m(/app/[39mnode_modules/[4m@nestjs/core[24m/injector/instance-loader.js:67:9[90m)[39m {
  type: [32m'AuthController'[39m,
  context: {
    index: [33m1[39m,
    dependencies: [
      [36m[class AuthService][39m,
      [36m[class OtpService][39m
    ],
    name: [36m[class OtpService][39m
  },
  metadata: {
    id: [32m'af2c7adf460b45560c5f4'[39m
  },
  moduleRef: {
    id: [32m'2a0b58eada2e0245df845'[39m
  }
}
