src/screens/Admin/AdminMonetizationScreen.tsx(60,16): error TS2304: Cannot find name 'styles'.
src/screens/Admin/AdminOverviewScreen.tsx(69,16): error TS2304: Cannot find name 'styles'.
src/screens/Admin/AdminOverviewScreen.tsx(71,21): error TS2304: Cannot find name 'styles'.
src/screens/Admin/AdminOverviewScreen.tsx(76,27): error TS2304: Cannot find name 'colors'.
src/screens/Admin/AdminOverviewScreen.tsx(82,16): error TS2304: Cannot find name 'styles'.
src/screens/Admin/AdminOverviewScreen.tsx(83,18): error TS2304: Cannot find name 'styles'.
src/screens/Admin/AdminOverviewScreen.tsx(88,29): error TS2304: Cannot find name 'colors'.
src/screens/Admin/AdminOverviewScreen.tsx(92,21): error TS2304: Cannot find name 'styles'.
src/screens/Creator/CreatorAnalyticsScreen.tsx(152,16): error TS2304: Cannot find name 'styles'.
src/screens/Creator/CreatorAnalyticsScreen.tsx(153,19): error TS2304: Cannot find name 'styles'.
src/screens/Creator/CreatorAnalyticsScreen.tsx(156,41): error TS2304: Cannot find name 'colors'.
src/screens/Creator/CreatorDashboardScreen.tsx(274,16): error TS2304: Cannot find name 'styles'.
src/screens/Creator/CreatorDashboardScreen.tsx(275,19): error TS2304: Cannot find name 'styles'.
src/screens/Creator/CreatorDashboardScreen.tsx(278,18): error TS2304: Cannot find name 'styles'.
src/screens/Creator/CreatorDashboardScreen.tsx(279,18): error TS2304: Cannot find name 'styles'.
src/screens/Main/HomeFeedScreen.tsx(179,30): error TS2304: Cannot find name 'styles'.
src/screens/Main/HomeFeedScreen.tsx(182,43): error TS2304: Cannot find name 'colors'.
src/screens/Main/HomeFeedScreen.tsx(186,38): error TS2304: Cannot find name 'colors'.
src/screens/Main/HomeFeedScreen.tsx(195,58): error TS2304: Cannot find name 'colors'.
src/screens/Main/HomeFeedScreen.tsx(203,40): error TS2304: Cannot find name 'colors'.
src/screens/Main/HomeFeedScreen.tsx(206,26): error TS2304: Cannot find name 'styles'.
src/screens/Main/HomeFeedScreen.tsx(207,28): error TS2304: Cannot find name 'styles'.
src/screens/Main/HomeFeedScreen.tsx(208,60): error TS2304: Cannot find name 'colors'.
src/screens/Main/HomeFeedScreen.tsx(209,30): error TS2304: Cannot find name 'styles'.
src/screens/Main/HomeFeedScreen.tsx(210,62): error TS2304: Cannot find name 'colors'.
src/screens/Main/HomeFeedScreen.tsx(211,31): error TS2304: Cannot find name 'styles'.
src/screens/Main/HomeFeedScreen.tsx(211,64): error TS2304: Cannot find name 'colors'.
src/screens/Main/HomeFeedScreen.tsx(213,28): error TS2304: Cannot find name 'styles'.
src/screens/Main/HomeFeedScreen.tsx(214,70): error TS2304: Cannot find name 'colors'.
src/screens/Main/HomeFeedScreen.tsx(215,30): error TS2304: Cannot find name 'styles'.
src/screens/Main/HomeFeedScreen.tsx(217,28): error TS2304: Cannot find name 'styles'.
src/screens/Main/HomeFeedScreen.tsx(218,66): error TS2304: Cannot find name 'colors'.
src/screens/Main/HomeFeedScreen.tsx(219,30): error TS2304: Cannot find name 'styles'.
src/screens/Main/HomeFeedScreen.tsx(222,72): error TS2304: Cannot find name 'colors'.
src/screens/Main/HomeFeedScreen.tsx(230,49): error TS2304: Cannot find name 'colors'.
src/screens/Main/HomeFeedScreen.tsx(231,41): error TS2304: Cannot find name 'colors'.
src/screens/Main/HomeFeedScreen.tsx(237,26): error TS2304: Cannot find name 'styles'.
src/screens/Main/HomeFeedScreen.tsx(238,28): error TS2304: Cannot find name 'styles'.
src/screens/Main/HomeFeedScreen.tsx(239,60): error TS2304: Cannot find name 'colors'.
src/screens/Main/HomeFeedScreen.tsx(240,30): error TS2304: Cannot find name 'styles'.
src/screens/Main/HomeFeedScreen.tsx(241,62): error TS2304: Cannot find name 'colors'.
src/screens/Main/HomeFeedScreen.tsx(242,31): error TS2304: Cannot find name 'styles'.
src/screens/Main/HomeFeedScreen.tsx(242,64): error TS2304: Cannot find name 'colors'.
src/screens/Main/HomeFeedScreen.tsx(244,28): error TS2304: Cannot find name 'styles'.
src/screens/Main/HomeFeedScreen.tsx(245,70): error TS2304: Cannot find name 'colors'.
src/screens/Main/HomeFeedScreen.tsx(246,30): error TS2304: Cannot find name 'styles'.
src/screens/Main/HomeFeedScreen.tsx(248,28): error TS2304: Cannot find name 'styles'.
src/screens/Main/HomeFeedScreen.tsx(249,66): error TS2304: Cannot find name 'colors'.
src/screens/Main/HomeFeedScreen.tsx(250,30): error TS2304: Cannot find name 'styles'.
src/screens/Main/HomeFeedScreen.tsx(254,72): error TS2304: Cannot find name 'colors'.
src/screens/Main/HomeFeedScreen.tsx(256,37): error TS2304: Cannot find name 'colors'.
src/screens/Main/HomeFeedScreen.tsx(267,16): error TS2304: Cannot find name 'styles'.
src/screens/Main/HomeFeedScreen.tsx(268,18): error TS2304: Cannot find name 'styles'.
src/screens/Main/HomeFeedScreen.tsx(269,20): error TS2304: Cannot find name 'styles'.
src/screens/Main/HomeFeedScreen.tsx(273,22): error TS2304: Cannot find name 'styles'.
src/screens/Main/HomeFeedScreen.tsx(274,22): error TS2304: Cannot find name 'styles'.
src/screens/Main/HomeFeedScreen.tsx(276,61): error TS2304: Cannot find name 'colors'.
src/screens/Main/HomeFeedScreen.tsx(278,18): error TS2304: Cannot find name 'styles'.
src/screens/Main/HomeFeedScreen.tsx(283,16): error TS2304: Cannot find name 'styles'.
src/screens/Main/HomeFeedScreen.tsx(286,22): error TS2304: Cannot find name 'styles'.
src/screens/Main/HomeFeedScreen.tsx(287,22): error TS2304: Cannot find name 'styles'.
src/screens/Main/HomeFeedScreen.tsx(290,18): error TS2304: Cannot find name 'styles'.
src/screens/Main/HomeFeedScreen.tsx(292,16): error TS2304: Cannot find name 'styles'.
src/screens/Main/HomeFeedScreen.tsx(295,22): error TS2304: Cannot find name 'styles'.
src/screens/Main/HomeFeedScreen.tsx(297,20): error TS2304: Cannot find name 'styles'.
src/screens/Main/HomeFeedScreen.tsx(298,57): error TS2304: Cannot find name 'colors'.
src/screens/Main/HomeFeedScreen.tsx(299,62): error TS2304: Cannot find name 'colors'.
src/screens/Main/HomeFeedScreen.tsx(300,64): error TS2304: Cannot find name 'colors'.
src/screens/Other/LibraryScreen.tsx(195,29): error TS2304: Cannot find name 'styles'.
src/screens/Other/LibraryScreen.tsx(195,58): error TS2304: Cannot find name 'styles'.
src/screens/Other/LibraryScreen.tsx(196,19): error TS2304: Cannot find name 'styles'.
src/screens/Other/LibraryScreen.tsx(199,19): error TS2304: Cannot find name 'styles'.
src/screens/Other/PersonalDetailsScreen.tsx(176,16): error TS2304: Cannot find name 'styles'.
src/screens/Other/PersonalDetailsScreen.tsx(177,18): error TS2304: Cannot find name 'styles'.
src/screens/Other/PersonalDetailsScreen.tsx(178,53): error TS2304: Cannot find name 'colors'.
src/screens/Other/PersonalDetailsScreen.tsx(181,20): error TS2304: Cannot find name 'styles'.
src/screens/Other/PersonalDetailsScreen.tsx(182,20): error TS2304: Cannot find name 'styles'.
src/screens/Other/SettingsScreen.tsx(201,18): error TS2304: Cannot find name 'styles'.
src/screens/Other/SettingsScreen.tsx(202,18): error TS2304: Cannot find name 'styles'.
src/screens/Other/SettingsScreen.tsx(209,28): error TS2304: Cannot find name 'styles'.
src/screens/Other/SettingsScreen.tsx(210,44): error TS2304: Cannot find name 'colors'.
src/screens/Other/SettingsScreen.tsx(211,18): error TS2304: Cannot find name 'styles'.
src/screens/Profile/ProfileScreen.tsx(163,16): error TS2304: Cannot find name 'styles'.
src/screens/Profile/ProfileScreen.tsx(165,41): error TS2304: Cannot find name 'colors'.
src/utils/navigation.ts(7,28): error TS2345: Argument of type '[never, never]' is not assignable to parameter of type 'never'.
